// Jest Snapshot v1, https://goo.gl/fbAQLP

exports[`SummaryTotal component renders without errors 1`] = `
<div
  className="summary__total"
>
  <div
    className="summary__total__label"
  >
    Total
  </div>
  <div
    className="summary__total__value"
  >
    $0.00
  </div>
</div>
`;
