// Jest Snapshot v1, https://goo.gl/fbAQLP

exports[`Summary component renders without errors 1`] = `
<section
  className="main__summary"
>
  <h2>
    Your cart
  </h2>
  <SummaryTotal
    selected={Array []}
  />
</section>
`;
